 Kernel

 Timestamp is 5733e56f (Wed May 11 20:07:43 2016)

 Preferred load address is c0000000

 Start         Length     Name                   Class
 0001:00000000 000012a7H .text                   CODE
 0002:00000000 00000549H .rdata                  DATA
 0003:00000000 00000004H .CRT$XCA                DATA
 0003:00000004 00000004H .CRT$XCZ                DATA
 0003:00000008 00000030H .data                   DATA
 0003:00000038 00000880H .bss                    DATA
 0004:00000000 00000058H .rsrc$01                DATA
 0004:00000060 000003c0H .rsrc$02                DATA

  Address         Publics by Value              Rva+Base       Lib:Object

 0000:00000000       ___safe_se_handler_count   00000000     <absolute>
 0000:00000000       ___safe_se_handler_table   00000000     <absolute>
 0001:00000000       ?kernel_entry@@YAXPAUmultiboot_info@@@Z c0000400 f   entry.obj
 0001:00000040       ?kmain@@YAHPAUmultiboot_info@@@Z c0000440 f   main.obj
 0001:00000220       ?DebugPutc@@YAXE@Z         c0000620 f   DebugDisplay.obj
 0001:000002c0       ?DebugSetColor@@YAII@Z     c00006c0 f   DebugDisplay.obj
 0001:000002e0       ?DebugGotoXY@@YAXII@Z      c00006e0 f   DebugDisplay.obj
 0001:00000310       ?DebugClrScr@@YAXE@Z       c0000710 f   DebugDisplay.obj
 0001:00000360       ?DebugPuts@@YAXPAD@Z       c0000760 f   DebugDisplay.obj
 0001:00000440       ?DebugPrintf@@YAHPBDZZ     c0000840 f   DebugDisplay.obj
 0001:000006a0       ?divide_by_zero_fault@@YAXIIII@Z c0000aa0 f   exception.obj
 0001:000006d0       ?single_step_trap@@YAXIII@Z c0000ad0 f   exception.obj
 0001:000006f0       ?nmi_trap@@YAXIII@Z        c0000af0 f   exception.obj
 0001:00000710       ?breakpoint_trap@@YAXIII@Z c0000b10 f   exception.obj
 0001:00000730       ?overflow_trap@@YAXIII@Z   c0000b30 f   exception.obj
 0001:00000750       ?bounds_check_fault@@YAXIII@Z c0000b50 f   exception.obj
 0001:00000770       ?invalid_opcode_fault@@YAXIII@Z c0000b70 f   exception.obj
 0001:00000790       ?no_device_fault@@YAXIII@Z c0000b90 f   exception.obj
 0001:000007b0       ?double_fault_abort@@YAXIIII@Z c0000bb0 f   exception.obj
 0001:000007d0       ?invalid_tss_fault@@YAXIIII@Z c0000bd0 f   exception.obj
 0001:000007f0       ?no_segment_fault@@YAXIIII@Z c0000bf0 f   exception.obj
 0001:00000810       ?stack_fault@@YAXIIII@Z    c0000c10 f   exception.obj
 0001:00000830       ?general_protection_fault@@YAXIIII@Z c0000c30 f   exception.obj
 0001:00000850       ?page_fault@@YAXIIII@Z     c0000c50 f   exception.obj
 0001:00000870       ?fpu_fault@@YAXIII@Z       c0000c70 f   exception.obj
 0001:00000890       ?alignment_check_fault@@YAXIIII@Z c0000c90 f   exception.obj
 0001:000008b0       ?machine_check_abort@@YAXIII@Z c0000cb0 f   exception.obj
 0001:000008d0       ?simd_fpu_fault@@YAXIII@Z  c0000cd0 f   exception.obj
 0001:000008f0       ?pmmngr_init_region@@YAXII@Z c0000cf0 f   mmngr_phys.obj
 0001:00000960       ?pmmngr_deinit_region@@YAXII@Z c0000d60 f   mmngr_phys.obj
 0001:000009c0       ?pmmngr_get_block_count@@YAIXZ c0000dc0 f   mmngr_phys.obj
 0001:000009d0       ?pmmngr_get_block_size@@YAIXZ c0000dd0 f   mmngr_phys.obj
 0001:000009e0       ?pmmngr_paging_enable@@YAX_N@Z c0000de0 f   mmngr_phys.obj
 0001:00000a10       ?pmmngr_load_PDBR@@YAXI@Z  c0000e10 f   mmngr_phys.obj
 0001:00000a20       ?mmap_first_free@@YAHXZ    c0000e20 f   mmngr_phys.obj
 0001:00000a70       ?mmap_first_free_s@@YAHI@Z c0000e70 f   mmngr_phys.obj
 0001:00000b70       ?pmmngr_init@@YAXII@Z      c0000f70 f   mmngr_phys.obj
 0001:00000bb0       ?pmmngr_alloc_block@@YAPAXXZ c0000fb0 f   mmngr_phys.obj
 0001:00000c10       ?pmmngr_alloc_blocks@@YAPAXI@Z c0001010 f   mmngr_phys.obj
 0001:00000c90       ?vmmngr_initialize@@YAXXZ  c0001090 f   mmngr_virtual.obj
 0001:00000dd0       ?kernel_panic@@YAXPBDZZ    c00011d0 f   panic.obj
 0001:00000e20       ?pd_entry_set_frame@@YAXPAII@Z c0001220 f i vmmngr_pde.obj
 0001:00000e20       ?pt_entry_set_frame@@YAXPAII@Z c0001220 f i vmmngr_pte.obj
 0001:00000e40       ?pt_entry_add_attrib@@YAXPAII@Z c0001240 f i vmmngr_pte.obj
 0001:00000e40       ?pd_entry_add_attrib@@YAXPAII@Z c0001240 f i vmmngr_pde.obj
 0001:00000e50       ?interruptdone@@YAXI@Z     c0001250 f i Hal:Hal.obj
 0001:00000e80       ?outportb@@YAXGE@Z         c0001280 f   Hal:Hal.obj
 0001:00000e90       ?enable@@YAXXZ             c0001290 f   Hal:Hal.obj
 0001:00000ea0       ?disable@@YAXXZ            c00012a0 f   Hal:Hal.obj
 0001:00000eb0       ?setvect@@YAXHA6AXXZ@Z     c00012b0 f   Hal:Hal.obj
 0001:00000ed0       ?hal_initialize@@YAHXZ     c00012d0 f   Hal:Hal.obj
 0001:00000f00       ?i86_cpu_initialize@@YAHXZ c0001300 f   Hal:cpu.obj
 0001:00000f20       ?i86_pic_send_command@@YAXEE@Z c0001320 f i Hal:pic.obj
 0001:00000f50       ?i86_pic_initialize@@YAXEE@Z c0001350 f   Hal:pic.obj
 0001:00000fd0       ?i86_install_ir@@YAHIGGP6AXXZ@Z c00013d0 f   Hal:idt.obj
 0001:00001020       ?i86_idt_initialize@@YAHG@Z c0001420 f   Hal:idt.obj
 0001:000010b0       ?i86_pit_irq@@YAXXZ        c00014b0 f   Hal:pit.obj
 0001:000010d0       ?i86_pit_start_counter@@YAXIEE@Z c00014d0 f   Hal:pit.obj
 0001:00001130       ?i86_pit_initialize@@YAXXZ c0001530 f   Hal:pit.obj
 0001:00001150       ?i86_gdt_initialize@@YAHXZ c0001550 f   Hal:gdt.obj
 0001:000011e0       ?Exit@@YAXXZ               c00015e0 f   Lib:cstd.obj
 0001:00001220       ?InitializeConstructors@@YAXXZ c0001620 f   Lib:cstd.obj
 0001:00001260       ?strcpy@@YAPADPADPBD@Z     c0001660 f   Lib:string.obj
 0001:00001280       ?strlen@@YAIPBD@Z          c0001680 f   Lib:string.obj
 0001:00001290       ?memset@@YAPAXPAXDI@Z      c0001690 f   Lib:string.obj
 0003:00000000       ?__xc_a@@3PAP6AXXZA        c0001e00     Lib:cstd.obj
 0003:00000004       ?__xc_z@@3PAP6AXXZA        c0001e04     Lib:cstd.obj
 0003:00000008       ?strMemoryTypes@@3PAPADA   c0001e08     main.obj
 0003:00000018       ?video_memory@@3PAGA       c0001e18     DebugDisplay.obj
 0003:0000001c       ?bchars@@3PADA             c0001e1c     DebugDisplay.obj
 0003:00000034       __fltused                  c0001e34     Lib:cstd.obj
 0003:00000038       ?kernelSize@@3IA           c0001e38     main.obj
 0003:0000003c       ?size@@3IA                 c0001e3c     main.obj
 0003:00000040       ?tbuf@@3PADA               c0001e40     DebugDisplay.obj
 0003:00000060       ?cursor_x@@3EA             c0001e60     DebugDisplay.obj
 0003:00000061       ?cursor_y@@3EA             c0001e61     DebugDisplay.obj
 0003:00000062       ?_color@@3EA               c0001e62     DebugDisplay.obj
 0003:00000074       ?_cur_directory@@3PAUpdirectory@@A c0001e74     mmngr_virtual.obj
 0003:00000078       ?_cur_pdbr@@3IA            c0001e78     mmngr_virtual.obj

 entry point at        0000:00000000

 Static symbols

 0001:00000fc0       ?i86_default_handler@@YAXXZ c00013c0 f   Hal:idt.obj
