 Kernel

 Timestamp is 5741dfb2 (Sun May 22 10:34:58 2016)

 Preferred load address is c0000000

 Start         Length     Name                   Class
 0001:00000000 00002a13H .text                   CODE
 0002:00000000 000006f9H .rdata                  DATA
 0003:00000000 00000004H .CRT$XCA                DATA
 0003:00000004 00000004H .CRT$XCZ                DATA
 0003:00000008 0000016cH .data                   DATA
 0003:00000178 000008b8H .bss                    DATA
 0004:00000000 00000058H .rsrc$01                DATA
 0004:00000060 000003c0H .rsrc$02                DATA

  Address         Publics by Value              Rva+Base       Lib:Object

 0000:00000000       ___safe_se_handler_count   00000000     <absolute>
 0000:00000000       ___safe_se_handler_table   00000000     <absolute>
 0001:00000000       ?kernel_entry@@YAXPAUmultiboot_info@@@Z c0000400 f   entry.obj
 0001:00000040       ?init@@YAXPAUmultiboot_info@@@Z c0000440 f   main.obj
 0001:000001d0       ?sleep@@YAXH@Z             c00005d0 f   main.obj
 0001:00000200       ?get_cmd@@YAXPADH@Z        c0000600 f   main.obj
 0001:00000310       ?cmd_read_sect@@YAXXZ      c0000710 f   main.obj
 0001:000003e0       ?run_cmd@@YA_NPAD@Z        c00007e0 f   main.obj
 0001:000004b0       ?kmain@@YAHPAUmultiboot_info@@@Z c00008b0 f   main.obj
 0001:00000530       ?scroll@@YAXXZ             c0000930 f   DebugDisplay.obj
 0001:000005a0       ?DebugPutc@@YAXE@Z         c00009a0 f   DebugDisplay.obj
 0001:00000650       ?DebugSetColor@@YAII@Z     c0000a50 f   DebugDisplay.obj
 0001:00000670       ?DebugGotoXY@@YAXII@Z      c0000a70 f   DebugDisplay.obj
 0001:000006a0       ?DebugGetXY@@YAXPAI0@Z     c0000aa0 f   DebugDisplay.obj
 0001:000006d0       ?DebugGetHorz@@YAHXZ       c0000ad0 f   DebugDisplay.obj
 0001:000006e0       ?DebugClrScr@@YAXE@Z       c0000ae0 f   DebugDisplay.obj
 0001:00000730       ?DebugPuts@@YAXPAD@Z       c0000b30 f   DebugDisplay.obj
 0001:00000820       ?DebugPrintf@@YAHPBDZZ     c0000c20 f   DebugDisplay.obj
 0001:00000a80       ?divide_by_zero_fault@@YAXIIII@Z c0000e80 f   exception.obj
 0001:00000ab0       ?single_step_trap@@YAXIII@Z c0000eb0 f   exception.obj
 0001:00000ad0       ?nmi_trap@@YAXIII@Z        c0000ed0 f   exception.obj
 0001:00000af0       ?breakpoint_trap@@YAXIII@Z c0000ef0 f   exception.obj
 0001:00000b10       ?overflow_trap@@YAXIII@Z   c0000f10 f   exception.obj
 0001:00000b30       ?bounds_check_fault@@YAXIII@Z c0000f30 f   exception.obj
 0001:00000b50       ?invalid_opcode_fault@@YAXIII@Z c0000f50 f   exception.obj
 0001:00000b70       ?no_device_fault@@YAXIII@Z c0000f70 f   exception.obj
 0001:00000b90       ?double_fault_abort@@YAXIIII@Z c0000f90 f   exception.obj
 0001:00000bb0       ?invalid_tss_fault@@YAXIIII@Z c0000fb0 f   exception.obj
 0001:00000bd0       ?no_segment_fault@@YAXIIII@Z c0000fd0 f   exception.obj
 0001:00000bf0       ?stack_fault@@YAXIIII@Z    c0000ff0 f   exception.obj
 0001:00000c10       ?general_protection_fault@@YAXIIII@Z c0001010 f   exception.obj
 0001:00000c30       ?page_fault@@YAXIIII@Z     c0001030 f   exception.obj
 0001:00000c50       ?fpu_fault@@YAXIII@Z       c0001050 f   exception.obj
 0001:00000c70       ?alignment_check_fault@@YAXIIII@Z c0001070 f   exception.obj
 0001:00000c90       ?machine_check_abort@@YAXIII@Z c0001090 f   exception.obj
 0001:00000cb0       ?simd_fpu_fault@@YAXIII@Z  c00010b0 f   exception.obj
 0001:00000cd0       ?pmmngr_init_region@@YAXII@Z c00010d0 f   mmngr_phys.obj
 0001:00000d40       ?pmmngr_deinit_region@@YAXII@Z c0001140 f   mmngr_phys.obj
 0001:00000da0       ?pmmngr_paging_enable@@YAX_N@Z c00011a0 f   mmngr_phys.obj
 0001:00000dd0       ?pmmngr_load_PDBR@@YAXI@Z  c00011d0 f   mmngr_phys.obj
 0001:00000de0       ?mmap_first_free@@YAHXZ    c00011e0 f   mmngr_phys.obj
 0001:00000e30       ?mmap_first_free_s@@YAHI@Z c0001230 f   mmngr_phys.obj
 0001:00000f30       ?pmmngr_init@@YAXII@Z      c0001330 f   mmngr_phys.obj
 0001:00000f70       ?pmmngr_alloc_block@@YAPAXXZ c0001370 f   mmngr_phys.obj
 0001:00000fd0       ?pmmngr_alloc_blocks@@YAPAXI@Z c00013d0 f   mmngr_phys.obj
 0001:00001050       ?vmmngr_initialize@@YAXXZ  c0001450 f   mmngr_virtual.obj
 0001:00001190       ?kernel_panic@@YAXPBDZZ    c0001590 f   panic.obj
 0001:000011e0       ?pd_entry_add_attrib@@YAXPAII@Z c00015e0 f i vmmngr_pde.obj
 0001:000011e0       ?pt_entry_add_attrib@@YAXPAII@Z c00015e0 f i vmmngr_pte.obj
 0001:000011f0       ?pd_entry_set_frame@@YAXPAII@Z c00015f0 f i vmmngr_pde.obj
 0001:000011f0       ?pt_entry_set_frame@@YAXPAII@Z c00015f0 f i vmmngr_pte.obj
 0001:00001210       ?kkybrd_set_leds@@YAX_N00@Z c0001610 f   keyboard:kybrd.obj
 0001:00001270       ?kkybrd_get_last_key@@YA?AW4KEYCODE@@XZ c0001670 f   keyboard:kybrd.obj
 0001:00001290       ?kkybrd_discard_last_key@@YAXXZ c0001690 f   keyboard:kybrd.obj
 0001:000012a0       ?kkybrd_key_to_ascii@@YADW4KEYCODE@@@Z c00016a0 f   keyboard:kybrd.obj
 0001:000013e0       ?i86_kybrd_irq@@YAXXZ      c00017e0 f   keyboard:kybrd.obj
 0001:000015d0       ?kkybrd_install@@YAXH@Z    c00019d0 f   keyboard:kybrd.obj
 0001:00001650       ?flpydsk_initialize_dma@@YAXXZ c0001a50 f   floppydisk:flpydsk.obj
 0001:000016c0       ?flpydsk_dma_read@@YAXXZ   c0001ac0 f   floppydisk:flpydsk.obj
 0001:000016e0       ?flpydsk_dma_write@@YAXXZ  c0001ae0 f   floppydisk:flpydsk.obj
 0001:00001700       ?flpydsk_read_status@@YAEXZ c0001b00 f   floppydisk:flpydsk.obj
 0001:00001710       ?flpydsk_write_dor@@YAXE@Z c0001b10 f   floppydisk:flpydsk.obj
 0001:00001730       ?flpydsk_send_command@@YAXE@Z c0001b30 f   floppydisk:flpydsk.obj
 0001:00001770       ?flpydsk_read_data@@YAEXZ  c0001b70 f   floppydisk:flpydsk.obj
 0001:000017a0       ?flpydsk_write_ccr@@YAXE@Z c0001ba0 f   floppydisk:flpydsk.obj
 0001:000017c0       ?i86_flpy_irq@@YAXXZ       c0001bc0 f   floppydisk:flpydsk.obj
 0001:000017e0       ?flpydsk_check_int@@YAXPAI0@Z c0001be0 f   floppydisk:flpydsk.obj
 0001:00001890       ?flpydsk_control_motor@@YAX_N@Z c0001c90 f   floppydisk:flpydsk.obj
 0001:00001910       ?flpydsk_drive_data@@YAXIII_N@Z c0001d10 f   floppydisk:flpydsk.obj
 0001:000019d0       ?flpydsk_calibrate@@YAHI@Z c0001dd0 f   floppydisk:flpydsk.obj
 0001:00001b40       ?flpydsk_disable_controller@@YAXXZ c0001f40 f   floppydisk:flpydsk.obj
 0001:00001b50       ?flpydsk_enable_controller@@YAXXZ c0001f50 f   floppydisk:flpydsk.obj
 0001:00001b60       ?flpydsk_reset@@YAXXZ      c0001f60 f   floppydisk:flpydsk.obj
 0001:00001be0       ?flpydsk_read_sector_imp@@YAXEEE@Z c0001fe0 f   floppydisk:flpydsk.obj
 0001:00001e50       ?flpydsk_seek@@YAHII@Z     c0002250 f   floppydisk:flpydsk.obj
 0001:00001f70       ?flpydsk_lba_to_chs@@YAXHPAH00@Z c0002370 f   floppydisk:flpydsk.obj
 0001:00001fd0       ?flpydsk_install@@YAXH@Z   c00023d0 f   floppydisk:flpydsk.obj
 0001:00002000       ?flpydsk_set_working_drive@@YAXE@Z c0002400 f   floppydisk:flpydsk.obj
 0001:00002010       ?flpydsk_get_working_drive@@YAEXZ c0002410 f   floppydisk:flpydsk.obj
 0001:00002020       ?flpydsk_read_sector@@YAPAEH@Z c0002420 f   floppydisk:flpydsk.obj
 0001:00002130       ?Exit@@YAXXZ               c0002530 f   Lib:cstd.obj
 0001:00002170       ?InitializeConstructors@@YAXXZ c0002570 f   Lib:cstd.obj
 0001:000021b0       ?strtol@@YAJPBDPAPADH@Z    c00025b0 f   Lib:stdio.obj
 0001:00002310       ?atoi@@YAHPBD@Z            c0002710 f   Lib:stdio.obj
 0001:00002330       ?strcmp@@YAHPBD0@Z         c0002730 f   Lib:string.obj
 0001:00002370       ?strcpy@@YAPADPADPBD@Z     c0002770 f   Lib:string.obj
 0001:00002390       ?strlen@@YAIPBD@Z          c0002790 f   Lib:string.obj
 0001:000023a0       ?memset@@YAPAXPAXDI@Z      c00027a0 f   Lib:string.obj
 0001:000023c0       ?hal_shutdown@@YAHXZ       c00027c0 f   Hal:Hal.obj
 0001:000023d0       ?geninterrupt@@YAXH@Z      c00027d0 f   Hal:Hal.obj
 0001:000023f0       ?inportb@@YAEG@Z           c00027f0 f   Hal:Hal.obj
 0001:00002400       ?outportb@@YAXGE@Z         c0002800 f   Hal:Hal.obj
 0001:00002410       ?enable@@YAXXZ             c0002810 f   Hal:Hal.obj
 0001:00002420       ?disable@@YAXXZ            c0002820 f   Hal:Hal.obj
 0001:00002430       ?setvect@@YAXHA6AXXZ@Z     c0002830 f   Hal:Hal.obj
 0001:00002450       ?getvect@@YAP6AXXZH@Z      c0002850 f   Hal:Hal.obj
 0001:00002480       ?get_cpu_vender@@YAPBDXZ   c0002880 f   Hal:Hal.obj
 0001:00002490       ?get_tick_count@@YAHXZ     c0002890 f   Hal:Hal.obj
 0001:000024a0       ?hal_initialize@@YAHXZ     c00028a0 f   Hal:Hal.obj
 0001:000024d0       ?sound@@YAXI@Z             c00028d0 f   Hal:Hal.obj
 0001:000024f0       ?interruptdone@@YAXI@Z     c00028f0 f i Hal:Hal.obj
 0001:00002520       ?i86_cpu_initialize@@YAHXZ c0002920 f   Hal:cpu.obj
 0001:00002540       ?i86_cpu_shutdown@@YAXXZ   c0002940 f   Hal:cpu.obj
 0001:00002550       ?i86_cpu_get_vender@@YAPADXZ c0002950 f   Hal:cpu.obj
 0001:00002580       ?i86_cpu_flush_caches@@YAXXZ c0002980 f   Hal:cpu.obj
 0001:00002590       ?i86_cpu_flush_caches_write@@YAXXZ c0002990 f   Hal:cpu.obj
 0001:000025a0       ?i86_cpu_flush_tlb_entry@@YAXI@Z c00029a0 f   Hal:cpu.obj
 0001:000025b0       ?i86_pic_send_command@@YAXEE@Z c00029b0 f i Hal:pic.obj
 0001:000025e0       ?i86_pic_initialize@@YAXEE@Z c00029e0 f   Hal:pic.obj
 0001:00002670       ?i86_get_ir@@YAPAUidt_descriptor@@I@Z c0002a70 f   Hal:idt.obj
 0001:00002690       ?i86_install_ir@@YAHIGGP6AXXZ@Z c0002a90 f   Hal:idt.obj
 0001:000026e0       ?i86_idt_initialize@@YAHG@Z c0002ae0 f   Hal:idt.obj
 0001:00002770       ?i86_pit_irq@@YAXXZ        c0002b70 f   Hal:pit.obj
 0001:00002790       ?i86_pit_set_tick_count@@YAII@Z c0002b90 f   Hal:pit.obj
 0001:000027a0       ?i86_pit_get_tick_count@@YAIXZ c0002ba0 f   Hal:pit.obj
 0001:000027b0       ?i86_pit_send_command@@YAXE@Z c0002bb0 f   Hal:pit.obj
 0001:000027c0       ?i86_pit_send_data@@YAXGE@Z c0002bc0 f   Hal:pit.obj
 0001:00002800       ?i86_pit_read_data@@YAEG@Z c0002c00 f   Hal:pit.obj
 0001:00002840       ?i86_pit_start_counter@@YAXIEE@Z c0002c40 f   Hal:pit.obj
 0001:000028a0       ?i86_pit_initialize@@YAXXZ c0002ca0 f   Hal:pit.obj
 0001:000028c0       ?i86_pit_is_initialized@@YA_NXZ c0002cc0 f   Hal:pit.obj
 0001:000028e0       ?gdt_set_descriptor@@YAXI_K0EE@Z c0002ce0 f   Hal:gdt.obj
 0001:00002970       ?i86_gdt_get_descriptor@@YAPAUgdt_descriptor@@H@Z c0002d70 f   Hal:gdt.obj
 0001:00002990       ?i86_gdt_initialize@@YAHXZ c0002d90 f   Hal:gdt.obj
 0003:00000000       ?__xc_a@@3PAP6AXXZA        c0003800     Lib:cstd.obj
 0003:00000004       ?__xc_z@@3PAP6AXXZA        c0003804     Lib:cstd.obj
 0003:00000008       ?video_memory@@3PAGA       c0003808     DebugDisplay.obj
 0003:0000000c       ?bchars@@3PADA             c000380c     DebugDisplay.obj
 0003:00000170       __fltused                  c0003970     Lib:cstd.obj
 0003:00000178       ?kernelSize@@3IA           c0003978     main.obj
 0003:00000184       ?tbuf@@3PADA               c0003984     DebugDisplay.obj
 0003:000001a4       ?cursor_x@@3EA             c00039a4     DebugDisplay.obj
 0003:000001a5       ?cursor_y@@3EA             c00039a5     DebugDisplay.obj
 0003:000001a6       ?_color@@3EA               c00039a6     DebugDisplay.obj
 0003:000001b8       ?_cur_directory@@3PAUpdirectory@@A c00039b8     mmngr_virtual.obj
 0003:000001bc       ?_cur_pdbr@@3IA            c00039bc     mmngr_virtual.obj

 entry point at        0000:00000000

 Static symbols

 0001:00002650       ?idt_install@@YAXXZ        c0002a50 f   Hal:idt.obj
 0001:00002660       ?i86_default_handler@@YAXXZ c0002a60 f   Hal:idt.obj
 0001:000028d0       ?gdt_install@@YAXXZ        c0002cd0 f   Hal:gdt.obj
