 Kernel

 Timestamp is 5741e220 (Sun May 22 10:45:20 2016)

 Preferred load address is c0000000

 Start         Length     Name                   Class
 0001:00000000 00002ce3H .text                   CODE
 0002:00000000 00000701H .rdata                  DATA
 0003:00000000 00000004H .CRT$XCA                DATA
 0003:00000004 00000004H .CRT$XCZ                DATA
 0003:00000008 00000170H .data                   DATA
 0003:00000178 000008b8H .bss                    DATA
 0004:00000000 00000058H .rsrc$01                DATA
 0004:00000060 000003c0H .rsrc$02                DATA

  Address         Publics by Value              Rva+Base       Lib:Object

 0000:00000000       ___safe_se_handler_count   00000000     <absolute>
 0000:00000000       ___safe_se_handler_table   00000000     <absolute>
 0001:00000000       ?kernel_entry@@YAXPAUmultiboot_info@@@Z c0000400 f   entry.obj
 0001:00000040       ?init@@YAXPAUmultiboot_info@@@Z c0000440 f   main.obj
 0001:000001d0       ?sleep@@YAXH@Z             c00005d0 f   main.obj
 0001:00000200       ?get_cmd@@YAXPADH@Z        c0000600 f   main.obj
 0001:00000310       ?cmd_read_sect@@YAXXZ      c0000710 f   main.obj
 0001:000003e0       ?run_cmd@@YA_NPAD@Z        c00007e0 f   main.obj
 0001:000004b0       ?kmain@@YAHPAUmultiboot_info@@@Z c00008b0 f   main.obj
 0001:00000530       ?scroll@@YAXXZ             c0000930 f   DebugDisplay.obj
 0001:000005a0       ?DebugPutc@@YAXE@Z         c00009a0 f   DebugDisplay.obj
 0001:00000650       ?DebugSetColor@@YAII@Z     c0000a50 f   DebugDisplay.obj
 0001:00000670       ?DebugGotoXY@@YAXII@Z      c0000a70 f   DebugDisplay.obj
 0001:000006a0       ?DebugGetXY@@YAXPAI0@Z     c0000aa0 f   DebugDisplay.obj
 0001:000006d0       ?DebugGetHorz@@YAHXZ       c0000ad0 f   DebugDisplay.obj
 0001:000006e0       ?DebugClrScr@@YAXE@Z       c0000ae0 f   DebugDisplay.obj
 0001:00000730       ?DebugPuts@@YAXPAD@Z       c0000b30 f   DebugDisplay.obj
 0001:00000820       ?DebugPrintf@@YAHPBDZZ     c0000c20 f   DebugDisplay.obj
 0001:00000a80       ?divide_by_zero_fault@@YAXIIII@Z c0000e80 f   exception.obj
 0001:00000ab0       ?single_step_trap@@YAXIII@Z c0000eb0 f   exception.obj
 0001:00000ad0       ?nmi_trap@@YAXIII@Z        c0000ed0 f   exception.obj
 0001:00000af0       ?breakpoint_trap@@YAXIII@Z c0000ef0 f   exception.obj
 0001:00000b10       ?overflow_trap@@YAXIII@Z   c0000f10 f   exception.obj
 0001:00000b30       ?bounds_check_fault@@YAXIII@Z c0000f30 f   exception.obj
 0001:00000b50       ?invalid_opcode_fault@@YAXIII@Z c0000f50 f   exception.obj
 0001:00000b70       ?no_device_fault@@YAXIII@Z c0000f70 f   exception.obj
 0001:00000b90       ?double_fault_abort@@YAXIIII@Z c0000f90 f   exception.obj
 0001:00000bb0       ?invalid_tss_fault@@YAXIIII@Z c0000fb0 f   exception.obj
 0001:00000bd0       ?no_segment_fault@@YAXIIII@Z c0000fd0 f   exception.obj
 0001:00000bf0       ?stack_fault@@YAXIIII@Z    c0000ff0 f   exception.obj
 0001:00000c10       ?general_protection_fault@@YAXIIII@Z c0001010 f   exception.obj
 0001:00000c30       ?page_fault@@YAXIIII@Z     c0001030 f   exception.obj
 0001:00000c50       ?fpu_fault@@YAXIII@Z       c0001050 f   exception.obj
 0001:00000c70       ?alignment_check_fault@@YAXIIII@Z c0001070 f   exception.obj
 0001:00000c90       ?machine_check_abort@@YAXIII@Z c0001090 f   exception.obj
 0001:00000cb0       ?simd_fpu_fault@@YAXIII@Z  c00010b0 f   exception.obj
 0001:00000cd0       ?pmmngr_init_region@@YAXII@Z c00010d0 f   mmngr_phys.obj
 0001:00000d40       ?pmmngr_deinit_region@@YAXII@Z c0001140 f   mmngr_phys.obj
 0001:00000da0       ?pmmngr_paging_enable@@YAX_N@Z c00011a0 f   mmngr_phys.obj
 0001:00000dd0       ?pmmngr_load_PDBR@@YAXI@Z  c00011d0 f   mmngr_phys.obj
 0001:00000de0       ?mmap_first_free@@YAHXZ    c00011e0 f   mmngr_phys.obj
 0001:00000e30       ?mmap_first_free_s@@YAHI@Z c0001230 f   mmngr_phys.obj
 0001:00000f30       ?pmmngr_init@@YAXII@Z      c0001330 f   mmngr_phys.obj
 0001:00000f70       ?pmmngr_alloc_block@@YAPAXXZ c0001370 f   mmngr_phys.obj
 0001:00000fd0       ?pmmngr_alloc_blocks@@YAPAXI@Z c00013d0 f   mmngr_phys.obj
 0001:00001050       ?vmmngr_initialize@@YAXXZ  c0001450 f   mmngr_virtual.obj
 0001:00001190       ?kernel_panic@@YAXPBDZZ    c0001590 f   panic.obj
 0001:000011e0       ?pt_entry_add_attrib@@YAXPAII@Z c00015e0 f i vmmngr_pte.obj
 0001:000011e0       ?pd_entry_add_attrib@@YAXPAII@Z c00015e0 f i vmmngr_pde.obj
 0001:000011f0       ?pd_entry_set_frame@@YAXPAII@Z c00015f0 f i vmmngr_pde.obj
 0001:000011f0       ?pt_entry_set_frame@@YAXPAII@Z c00015f0 f i vmmngr_pte.obj
 0001:00001210       ?kkybrd_set_leds@@YAX_N00@Z c0001610 f   keyboard:kybrd.obj
 0001:00001270       ?kkybrd_get_last_key@@YA?AW4KEYCODE@@XZ c0001670 f   keyboard:kybrd.obj
 0001:00001290       ?kkybrd_discard_last_key@@YAXXZ c0001690 f   keyboard:kybrd.obj
 0001:000012a0       ?kkybrd_key_to_ascii@@YADW4KEYCODE@@@Z c00016a0 f   keyboard:kybrd.obj
 0001:000013e0       ?i86_kybrd_irq@@YAXXZ      c00017e0 f   keyboard:kybrd.obj
 0001:000015d0       ?kkybrd_install@@YAXH@Z    c00019d0 f   keyboard:kybrd.obj
 0001:00001650       ?dma_initialize_floppy@@YA_NPAEI@Z c0001a50 f   floppydisk:flpydsk.obj
 0001:000016e0       ?flpydsk_set_dma@@YAXH@Z   c0001ae0 f   floppydisk:flpydsk.obj
 0001:000016f0       ?flpydsk_read_status@@YAEXZ c0001af0 f   floppydisk:flpydsk.obj
 0001:00001700       ?flpydsk_write_dor@@YAXE@Z c0001b00 f   floppydisk:flpydsk.obj
 0001:00001720       ?flpydsk_send_command@@YAXE@Z c0001b20 f   floppydisk:flpydsk.obj
 0001:00001760       ?flpydsk_read_data@@YAEXZ  c0001b60 f   floppydisk:flpydsk.obj
 0001:00001790       ?flpydsk_write_ccr@@YAXE@Z c0001b90 f   floppydisk:flpydsk.obj
 0001:000017b0       ?i86_flpy_irq@@YAXXZ       c0001bb0 f   floppydisk:flpydsk.obj
 0001:000017d0       ?flpydsk_check_int@@YAXPAI0@Z c0001bd0 f   floppydisk:flpydsk.obj
 0001:00001880       ?flpydsk_control_motor@@YAX_N@Z c0001c80 f   floppydisk:flpydsk.obj
 0001:000018f0       ?flpydsk_drive_data@@YAXEEE_N@Z c0001cf0 f   floppydisk:flpydsk.obj
 0001:000019b0       ?flpydsk_calibrate@@YAHE@Z c0001db0 f   floppydisk:flpydsk.obj
 0001:00001b10       ?flpydsk_disable_controller@@YAXXZ c0001f10 f   floppydisk:flpydsk.obj
 0001:00001b20       ?flpydsk_enable_controller@@YAXXZ c0001f20 f   floppydisk:flpydsk.obj
 0001:00001b30       ?flpydsk_reset@@YAXXZ      c0001f30 f   floppydisk:flpydsk.obj
 0001:00001bb0       ?flpydsk_read_sector_imp@@YAXEEE@Z c0001fb0 f   floppydisk:flpydsk.obj
 0001:00001e10       ?flpydsk_seek@@YAHEE@Z     c0002210 f   floppydisk:flpydsk.obj
 0001:00001f30       ?flpydsk_lba_to_chs@@YAXHPAH00@Z c0002330 f   floppydisk:flpydsk.obj
 0001:00001f90       ?flpydsk_install@@YAXH@Z   c0002390 f   floppydisk:flpydsk.obj
 0001:00001fc0       ?flpydsk_set_working_drive@@YAXE@Z c00023c0 f   floppydisk:flpydsk.obj
 0001:00001fd0       ?flpydsk_get_working_drive@@YAEXZ c00023d0 f   floppydisk:flpydsk.obj
 0001:00001fe0       ?flpydsk_read_sector@@YAPAEH@Z c00023e0 f   floppydisk:flpydsk.obj
 0001:000020e0       ?Exit@@YAXXZ               c00024e0 f   Lib:cstd.obj
 0001:00002120       ?InitializeConstructors@@YAXXZ c0002520 f   Lib:cstd.obj
 0001:00002160       ?strtol@@YAJPBDPAPADH@Z    c0002560 f   Lib:stdio.obj
 0001:000022c0       ?atoi@@YAHPBD@Z            c00026c0 f   Lib:stdio.obj
 0001:000022e0       ?strcmp@@YAHPBD0@Z         c00026e0 f   Lib:string.obj
 0001:00002320       ?strcpy@@YAPADPADPBD@Z     c0002720 f   Lib:string.obj
 0001:00002340       ?strlen@@YAIPBD@Z          c0002740 f   Lib:string.obj
 0001:00002350       ?memset@@YAPAXPAXDI@Z      c0002750 f   Lib:string.obj
 0001:00002370       ?hal_shutdown@@YAHXZ       c0002770 f   Hal:Hal.obj
 0001:00002380       ?geninterrupt@@YAXH@Z      c0002780 f   Hal:Hal.obj
 0001:000023a0       ?inportb@@YAEG@Z           c00027a0 f   Hal:Hal.obj
 0001:000023b0       ?outportb@@YAXGE@Z         c00027b0 f   Hal:Hal.obj
 0001:000023c0       ?enable@@YAXXZ             c00027c0 f   Hal:Hal.obj
 0001:000023d0       ?disable@@YAXXZ            c00027d0 f   Hal:Hal.obj
 0001:000023e0       ?setvect@@YAXHA6AXXZ@Z     c00027e0 f   Hal:Hal.obj
 0001:00002400       ?getvect@@YAP6AXXZH@Z      c0002800 f   Hal:Hal.obj
 0001:00002430       ?get_cpu_vender@@YAPBDXZ   c0002830 f   Hal:Hal.obj
 0001:00002440       ?get_tick_count@@YAHXZ     c0002840 f   Hal:Hal.obj
 0001:00002450       ?hal_initialize@@YAHXZ     c0002850 f   Hal:Hal.obj
 0001:00002480       ?sound@@YAXI@Z             c0002880 f   Hal:Hal.obj
 0001:000024a0       ?interruptdone@@YAXI@Z     c00028a0 f i Hal:Hal.obj
 0001:000024d0       ?dma_mask_channel@@YAXE@Z  c00028d0 f   Hal:dma.obj
 0001:00002510       ?dma_unmask_channel@@YAXE@Z c0002910 f   Hal:dma.obj
 0001:00002540       ?dma_unmask_all@@YAXH@Z    c0002940 f   Hal:dma.obj
 0001:00002560       ?dma_reset@@YAXH@Z         c0002960 f   Hal:dma.obj
 0001:00002570       ?dma_reset_flipflop@@YAXH@Z c0002970 f   Hal:dma.obj
 0001:000025a0       ?dma_set_address@@YAXEEE@Z c00029a0 f   Hal:dma.obj
 0001:00002630       ?dma_set_count@@YAXEEE@Z   c0002a30 f   Hal:dma.obj
 0001:000026c0       ?dma_set_mode@@YAXEE@Z     c0002ac0 f   Hal:dma.obj
 0001:00002740       ?dma_set_read@@YAXE@Z      c0002b40 f   Hal:dma.obj
 0001:00002750       ?dma_set_write@@YAXE@Z     c0002b50 f   Hal:dma.obj
 0001:00002760       ?dma_set_external_page_register@@YAXEE@Z c0002b60 f   Hal:dma.obj
 0001:000027f0       ?i86_cpu_initialize@@YAHXZ c0002bf0 f   Hal:cpu.obj
 0001:00002810       ?i86_cpu_shutdown@@YAXXZ   c0002c10 f   Hal:cpu.obj
 0001:00002820       ?i86_cpu_get_vender@@YAPADXZ c0002c20 f   Hal:cpu.obj
 0001:00002850       ?i86_cpu_flush_caches@@YAXXZ c0002c50 f   Hal:cpu.obj
 0001:00002860       ?i86_cpu_flush_caches_write@@YAXXZ c0002c60 f   Hal:cpu.obj
 0001:00002870       ?i86_cpu_flush_tlb_entry@@YAXI@Z c0002c70 f   Hal:cpu.obj
 0001:00002880       ?i86_pic_send_command@@YAXEE@Z c0002c80 f i Hal:pic.obj
 0001:000028b0       ?i86_pic_initialize@@YAXEE@Z c0002cb0 f   Hal:pic.obj
 0001:00002940       ?i86_get_ir@@YAPAUidt_descriptor@@I@Z c0002d40 f   Hal:idt.obj
 0001:00002960       ?i86_install_ir@@YAHIGGP6AXXZ@Z c0002d60 f   Hal:idt.obj
 0001:000029b0       ?i86_idt_initialize@@YAHG@Z c0002db0 f   Hal:idt.obj
 0001:00002a40       ?i86_pit_irq@@YAXXZ        c0002e40 f   Hal:pit.obj
 0001:00002a60       ?i86_pit_set_tick_count@@YAII@Z c0002e60 f   Hal:pit.obj
 0001:00002a70       ?i86_pit_get_tick_count@@YAIXZ c0002e70 f   Hal:pit.obj
 0001:00002a80       ?i86_pit_send_command@@YAXE@Z c0002e80 f   Hal:pit.obj
 0001:00002a90       ?i86_pit_send_data@@YAXGE@Z c0002e90 f   Hal:pit.obj
 0001:00002ad0       ?i86_pit_read_data@@YAEG@Z c0002ed0 f   Hal:pit.obj
 0001:00002b10       ?i86_pit_start_counter@@YAXIEE@Z c0002f10 f   Hal:pit.obj
 0001:00002b70       ?i86_pit_initialize@@YAXXZ c0002f70 f   Hal:pit.obj
 0001:00002b90       ?i86_pit_is_initialized@@YA_NXZ c0002f90 f   Hal:pit.obj
 0001:00002bb0       ?gdt_set_descriptor@@YAXI_K0EE@Z c0002fb0 f   Hal:gdt.obj
 0001:00002c40       ?i86_gdt_get_descriptor@@YAPAUgdt_descriptor@@H@Z c0003040 f   Hal:gdt.obj
 0001:00002c60       ?i86_gdt_initialize@@YAHXZ c0003060 f   Hal:gdt.obj
 0003:00000000       ?__xc_a@@3PAP6AXXZA        c0003a00     Lib:cstd.obj
 0003:00000004       ?__xc_z@@3PAP6AXXZA        c0003a04     Lib:cstd.obj
 0003:00000008       ?video_memory@@3PAGA       c0003a08     DebugDisplay.obj
 0003:0000000c       ?bchars@@3PADA             c0003a0c     DebugDisplay.obj
 0003:0000016c       ?DMA_BUFFER@@3HA           c0003b6c     floppydisk:flpydsk.obj
 0003:00000174       __fltused                  c0003b74     Lib:cstd.obj
 0003:00000178       ?kernelSize@@3IA           c0003b78     main.obj
 0003:00000184       ?tbuf@@3PADA               c0003b84     DebugDisplay.obj
 0003:000001a4       ?cursor_x@@3EA             c0003ba4     DebugDisplay.obj
 0003:000001a5       ?cursor_y@@3EA             c0003ba5     DebugDisplay.obj
 0003:000001a6       ?_color@@3EA               c0003ba6     DebugDisplay.obj
 0003:000001b8       ?_cur_directory@@3PAUpdirectory@@A c0003bb8     mmngr_virtual.obj
 0003:000001bc       ?_cur_pdbr@@3IA            c0003bbc     mmngr_virtual.obj

 entry point at        0000:00000000

 Static symbols

 0001:00002920       ?idt_install@@YAXXZ        c0002d20 f   Hal:idt.obj
 0001:00002930       ?i86_default_handler@@YAXXZ c0002d30 f   Hal:idt.obj
 0001:00002ba0       ?gdt_install@@YAXXZ        c0002fa0 f   Hal:gdt.obj
