 Kernel

 Timestamp is 5733ecf1 (Wed May 11 20:39:45 2016)

 Preferred load address is c0000000

 Start         Length     Name                   Class
 0001:00000000 00001cd7H .text                   CODE
 0002:00000000 00000659H .rdata                  DATA
 0003:00000000 00000004H .CRT$XCA                DATA
 0003:00000004 00000004H .CRT$XCZ                DATA
 0003:00000008 0000016cH .data                   DATA
 0003:00000178 000008b0H .bss                    DATA
 0004:00000000 00000058H .rsrc$01                DATA
 0004:00000060 000003c0H .rsrc$02                DATA

  Address         Publics by Value              Rva+Base       Lib:Object

 0000:00000000       ___safe_se_handler_count   00000000     <absolute>
 0000:00000000       ___safe_se_handler_table   00000000     <absolute>
 0001:00000000       ?kernel_entry@@YAXPAUmultiboot_info@@@Z c0000400 f   entry.obj
 0001:00000040       ?init@@YAXPAUmultiboot_info@@@Z c0000440 f   main.obj
 0001:000001c0       ?get_cmd@@YAXPADH@Z        c00005c0 f   main.obj
 0001:000002e0       ?run_cmd@@YA_NPAD@Z        c00006e0 f   main.obj
 0001:000003d0       ?kmain@@YAHPAUmultiboot_info@@@Z c00007d0 f   main.obj
 0001:00000450       ?scroll@@YAXXZ             c0000850 f   DebugDisplay.obj
 0001:000004c0       ?DebugPutc@@YAXE@Z         c00008c0 f   DebugDisplay.obj
 0001:00000570       ?DebugSetColor@@YAII@Z     c0000970 f   DebugDisplay.obj
 0001:00000590       ?DebugGotoXY@@YAXII@Z      c0000990 f   DebugDisplay.obj
 0001:000005c0       ?DebugGetXY@@YAXPAI0@Z     c00009c0 f   DebugDisplay.obj
 0001:000005f0       ?DebugGetHorz@@YAHXZ       c00009f0 f   DebugDisplay.obj
 0001:00000600       ?DebugClrScr@@YAXE@Z       c0000a00 f   DebugDisplay.obj
 0001:00000650       ?DebugPuts@@YAXPAD@Z       c0000a50 f   DebugDisplay.obj
 0001:00000740       ?DebugPrintf@@YAHPBDZZ     c0000b40 f   DebugDisplay.obj
 0001:000009a0       ?divide_by_zero_fault@@YAXIIII@Z c0000da0 f   exception.obj
 0001:000009d0       ?single_step_trap@@YAXIII@Z c0000dd0 f   exception.obj
 0001:000009f0       ?nmi_trap@@YAXIII@Z        c0000df0 f   exception.obj
 0001:00000a10       ?breakpoint_trap@@YAXIII@Z c0000e10 f   exception.obj
 0001:00000a30       ?overflow_trap@@YAXIII@Z   c0000e30 f   exception.obj
 0001:00000a50       ?bounds_check_fault@@YAXIII@Z c0000e50 f   exception.obj
 0001:00000a70       ?invalid_opcode_fault@@YAXIII@Z c0000e70 f   exception.obj
 0001:00000a90       ?no_device_fault@@YAXIII@Z c0000e90 f   exception.obj
 0001:00000ab0       ?double_fault_abort@@YAXIIII@Z c0000eb0 f   exception.obj
 0001:00000ad0       ?invalid_tss_fault@@YAXIIII@Z c0000ed0 f   exception.obj
 0001:00000af0       ?no_segment_fault@@YAXIIII@Z c0000ef0 f   exception.obj
 0001:00000b10       ?stack_fault@@YAXIIII@Z    c0000f10 f   exception.obj
 0001:00000b30       ?general_protection_fault@@YAXIIII@Z c0000f30 f   exception.obj
 0001:00000b50       ?page_fault@@YAXIIII@Z     c0000f50 f   exception.obj
 0001:00000b70       ?fpu_fault@@YAXIII@Z       c0000f70 f   exception.obj
 0001:00000b90       ?alignment_check_fault@@YAXIIII@Z c0000f90 f   exception.obj
 0001:00000bb0       ?machine_check_abort@@YAXIII@Z c0000fb0 f   exception.obj
 0001:00000bd0       ?simd_fpu_fault@@YAXIII@Z  c0000fd0 f   exception.obj
 0001:00000bf0       ?pmmngr_init_region@@YAXII@Z c0000ff0 f   mmngr_phys.obj
 0001:00000c60       ?pmmngr_deinit_region@@YAXII@Z c0001060 f   mmngr_phys.obj
 0001:00000cc0       ?pmmngr_paging_enable@@YAX_N@Z c00010c0 f   mmngr_phys.obj
 0001:00000cf0       ?pmmngr_load_PDBR@@YAXI@Z  c00010f0 f   mmngr_phys.obj
 0001:00000d00       ?mmap_first_free@@YAHXZ    c0001100 f   mmngr_phys.obj
 0001:00000d50       ?mmap_first_free_s@@YAHI@Z c0001150 f   mmngr_phys.obj
 0001:00000e50       ?pmmngr_init@@YAXII@Z      c0001250 f   mmngr_phys.obj
 0001:00000e90       ?pmmngr_alloc_block@@YAPAXXZ c0001290 f   mmngr_phys.obj
 0001:00000ef0       ?pmmngr_alloc_blocks@@YAPAXI@Z c00012f0 f   mmngr_phys.obj
 0001:00000f70       ?vmmngr_initialize@@YAXXZ  c0001370 f   mmngr_virtual.obj
 0001:000010b0       ?kernel_panic@@YAXPBDZZ    c00014b0 f   panic.obj
 0001:00001100       ?pt_entry_add_attrib@@YAXPAII@Z c0001500 f i vmmngr_pte.obj
 0001:00001100       ?pd_entry_add_attrib@@YAXPAII@Z c0001500 f i vmmngr_pde.obj
 0001:00001110       ?pd_entry_set_frame@@YAXPAII@Z c0001510 f i vmmngr_pde.obj
 0001:00001110       ?pt_entry_set_frame@@YAXPAII@Z c0001510 f i vmmngr_pte.obj
 0001:00001130       ?kkybrd_set_leds@@YAX_N00@Z c0001530 f   keyboard:kybrd.obj
 0001:00001190       ?kkybrd_get_last_key@@YA?AW4KEYCODE@@XZ c0001590 f   keyboard:kybrd.obj
 0001:000011b0       ?kkybrd_discard_last_key@@YAXXZ c00015b0 f   keyboard:kybrd.obj
 0001:000011c0       ?kkybrd_key_to_ascii@@YADW4KEYCODE@@@Z c00015c0 f   keyboard:kybrd.obj
 0001:00001300       ?i86_kybrd_irq@@YAXXZ      c0001700 f   keyboard:kybrd.obj
 0001:000014f0       ?kkybrd_install@@YAXH@Z    c00018f0 f   keyboard:kybrd.obj
 0001:00001570       ?hal_shutdown@@YAHXZ       c0001970 f   Hal:Hal.obj
 0001:00001580       ?geninterrupt@@YAXH@Z      c0001980 f   Hal:Hal.obj
 0001:000015a0       ?inportb@@YAEG@Z           c00019a0 f   Hal:Hal.obj
 0001:000015b0       ?outportb@@YAXGE@Z         c00019b0 f   Hal:Hal.obj
 0001:000015c0       ?enable@@YAXXZ             c00019c0 f   Hal:Hal.obj
 0001:000015d0       ?disable@@YAXXZ            c00019d0 f   Hal:Hal.obj
 0001:000015e0       ?setvect@@YAXHA6AXXZ@Z     c00019e0 f   Hal:Hal.obj
 0001:00001600       ?getvect@@YAP6AXXZH@Z      c0001a00 f   Hal:Hal.obj
 0001:00001630       ?get_cpu_vender@@YAPADXZ   c0001a30 f   Hal:Hal.obj
 0001:00001640       ?get_tick_count@@YAHXZ     c0001a40 f   Hal:Hal.obj
 0001:00001650       ?hal_initialize@@YAHXZ     c0001a50 f   Hal:Hal.obj
 0001:00001680       ?sound@@YAXI@Z             c0001a80 f   Hal:Hal.obj
 0001:000016a0       ?interruptdone@@YAXI@Z     c0001aa0 f i Hal:Hal.obj
 0001:000016d0       ?i86_cpu_initialize@@YAHXZ c0001ad0 f   Hal:cpu.obj
 0001:000016f0       ?i86_cpu_shutdown@@YAXXZ   c0001af0 f   Hal:cpu.obj
 0001:00001700       ?i86_cpu_get_vender@@YAPADXZ c0001b00 f   Hal:cpu.obj
 0001:00001730       ?i86_cpu_flush_caches@@YAXXZ c0001b30 f   Hal:cpu.obj
 0001:00001740       ?i86_cpu_flush_caches_write@@YAXXZ c0001b40 f   Hal:cpu.obj
 0001:00001750       ?i86_cpu_flush_tlb_entry@@YAXI@Z c0001b50 f   Hal:cpu.obj
 0001:00001760       ?i86_pic_send_command@@YAXEE@Z c0001b60 f i Hal:pic.obj
 0001:00001790       ?i86_pic_initialize@@YAXEE@Z c0001b90 f   Hal:pic.obj
 0001:00001820       ?i86_get_ir@@YAPAUidt_descriptor@@I@Z c0001c20 f   Hal:idt.obj
 0001:00001840       ?i86_install_ir@@YAHIGGP6AXXZ@Z c0001c40 f   Hal:idt.obj
 0001:00001890       ?i86_idt_initialize@@YAHG@Z c0001c90 f   Hal:idt.obj
 0001:00001920       ?i86_pit_irq@@YAXXZ        c0001d20 f   Hal:pit.obj
 0001:00001940       ?i86_pit_set_tick_count@@YAII@Z c0001d40 f   Hal:pit.obj
 0001:00001950       ?i86_pit_get_tick_count@@YAIXZ c0001d50 f   Hal:pit.obj
 0001:00001960       ?i86_pit_send_command@@YAXE@Z c0001d60 f   Hal:pit.obj
 0001:00001970       ?i86_pit_send_data@@YAXGE@Z c0001d70 f   Hal:pit.obj
 0001:000019b0       ?i86_pit_read_data@@YAEG@Z c0001db0 f   Hal:pit.obj
 0001:000019f0       ?i86_pit_start_counter@@YAXIEE@Z c0001df0 f   Hal:pit.obj
 0001:00001a50       ?i86_pit_initialize@@YAXXZ c0001e50 f   Hal:pit.obj
 0001:00001a70       ?i86_pit_is_initialized@@YA_NXZ c0001e70 f   Hal:pit.obj
 0001:00001a90       ?gdt_set_descriptor@@YAXI_K0EE@Z c0001e90 f   Hal:gdt.obj
 0001:00001b20       ?i86_gdt_get_descriptor@@YAPAUgdt_descriptor@@H@Z c0001f20 f   Hal:gdt.obj
 0001:00001b40       ?i86_gdt_initialize@@YAHXZ c0001f40 f   Hal:gdt.obj
 0001:00001bd0       ?Exit@@YAXXZ               c0001fd0 f   Lib:cstd.obj
 0001:00001c10       ?InitializeConstructors@@YAXXZ c0002010 f   Lib:cstd.obj
 0001:00001c50       ?strcmp@@YAHPBD0@Z         c0002050 f   Lib:string.obj
 0001:00001c90       ?strcpy@@YAPADPADPBD@Z     c0002090 f   Lib:string.obj
 0001:00001cb0       ?strlen@@YAIPBD@Z          c00020b0 f   Lib:string.obj
 0001:00001cc0       ?memset@@YAPAXPAXDI@Z      c00020c0 f   Lib:string.obj
 0003:00000000       ?__xc_a@@3PAP6AXXZA        c0002a00     Lib:cstd.obj
 0003:00000004       ?__xc_z@@3PAP6AXXZA        c0002a04     Lib:cstd.obj
 0003:00000008       ?video_memory@@3PAGA       c0002a08     DebugDisplay.obj
 0003:0000000c       ?bchars@@3PADA             c0002a0c     DebugDisplay.obj
 0003:00000170       __fltused                  c0002b70     Lib:cstd.obj
 0003:00000178       ?kernelSize@@3IA           c0002b78     main.obj
 0003:00000184       ?tbuf@@3PADA               c0002b84     DebugDisplay.obj
 0003:000001a4       ?cursor_x@@3EA             c0002ba4     DebugDisplay.obj
 0003:000001a5       ?cursor_y@@3EA             c0002ba5     DebugDisplay.obj
 0003:000001a6       ?_color@@3EA               c0002ba6     DebugDisplay.obj
 0003:000001b8       ?_cur_directory@@3PAUpdirectory@@A c0002bb8     mmngr_virtual.obj
 0003:000001bc       ?_cur_pdbr@@3IA            c0002bbc     mmngr_virtual.obj

 entry point at        0000:00000000

 Static symbols

 0001:00001800       ?idt_install@@YAXXZ        c0001c00 f   Hal:idt.obj
 0001:00001810       ?i86_default_handler@@YAXXZ c0001c10 f   Hal:idt.obj
 0001:00001a80       ?gdt_install@@YAXXZ        c0001e80 f   Hal:gdt.obj
