 Kernel

 Timestamp is 5741e40d (Sun May 22 10:53:33 2016)

 Preferred load address is c0000000

 Start         Length     Name                   Class
 0001:00000000 00003293H .text                   CODE
 0002:00000000 0000072aH .rdata                  DATA
 0003:00000000 00000004H .CRT$XCA                DATA
 0003:00000004 00000004H .CRT$XCZ                DATA
 0003:00000008 0000016cH .data                   DATA
 0003:00000178 00000d58H .bss                    DATA
 0004:00000000 00000058H .rsrc$01                DATA
 0004:00000060 000003c0H .rsrc$02                DATA

  Address         Publics by Value              Rva+Base       Lib:Object

 0000:00000000       ___safe_se_handler_count   00000000     <absolute>
 0000:00000000       ___safe_se_handler_table   00000000     <absolute>
 0001:00000000       ?kernel_entry@@YAXPAUmultiboot_info@@@Z c0000400 f   entry.obj
 0001:00000040       ?init@@YAXPAUmultiboot_info@@@Z c0000440 f   main.obj
 0001:000001d0       ?sleep@@YAXH@Z             c00005d0 f   main.obj
 0001:00000200       ?get_cmd@@YAXPADH@Z        c0000600 f   main.obj
 0001:00000310       ?cmd_read@@YAXXZ           c0000710 f   main.obj
 0001:00000440       ?run_cmd@@YA_NPAD@Z        c0000840 f   main.obj
 0001:00000510       ?kmain@@YAHPAUmultiboot_info@@@Z c0000910 f   main.obj
 0001:00000590       ?scroll@@YAXXZ             c0000990 f   DebugDisplay.obj
 0001:00000600       ?DebugPutc@@YAXE@Z         c0000a00 f   DebugDisplay.obj
 0001:000006b0       ?DebugSetColor@@YAII@Z     c0000ab0 f   DebugDisplay.obj
 0001:000006d0       ?DebugGotoXY@@YAXII@Z      c0000ad0 f   DebugDisplay.obj
 0001:00000700       ?DebugGetXY@@YAXPAI0@Z     c0000b00 f   DebugDisplay.obj
 0001:00000730       ?DebugGetHorz@@YAHXZ       c0000b30 f   DebugDisplay.obj
 0001:00000740       ?DebugClrScr@@YAXE@Z       c0000b40 f   DebugDisplay.obj
 0001:00000790       ?DebugPuts@@YAXPAD@Z       c0000b90 f   DebugDisplay.obj
 0001:00000880       ?DebugPrintf@@YAHPBDZZ     c0000c80 f   DebugDisplay.obj
 0001:00000ae0       ?divide_by_zero_fault@@YAXIIII@Z c0000ee0 f   exception.obj
 0001:00000b10       ?single_step_trap@@YAXIII@Z c0000f10 f   exception.obj
 0001:00000b30       ?nmi_trap@@YAXIII@Z        c0000f30 f   exception.obj
 0001:00000b50       ?breakpoint_trap@@YAXIII@Z c0000f50 f   exception.obj
 0001:00000b70       ?overflow_trap@@YAXIII@Z   c0000f70 f   exception.obj
 0001:00000b90       ?bounds_check_fault@@YAXIII@Z c0000f90 f   exception.obj
 0001:00000bb0       ?invalid_opcode_fault@@YAXIII@Z c0000fb0 f   exception.obj
 0001:00000bd0       ?no_device_fault@@YAXIII@Z c0000fd0 f   exception.obj
 0001:00000bf0       ?double_fault_abort@@YAXIIII@Z c0000ff0 f   exception.obj
 0001:00000c10       ?invalid_tss_fault@@YAXIIII@Z c0001010 f   exception.obj
 0001:00000c30       ?no_segment_fault@@YAXIIII@Z c0001030 f   exception.obj
 0001:00000c50       ?stack_fault@@YAXIIII@Z    c0001050 f   exception.obj
 0001:00000c70       ?general_protection_fault@@YAXIIII@Z c0001070 f   exception.obj
 0001:00000c90       ?page_fault@@YAXIIII@Z     c0001090 f   exception.obj
 0001:00000cb0       ?fpu_fault@@YAXIII@Z       c00010b0 f   exception.obj
 0001:00000cd0       ?alignment_check_fault@@YAXIIII@Z c00010d0 f   exception.obj
 0001:00000cf0       ?machine_check_abort@@YAXIII@Z c00010f0 f   exception.obj
 0001:00000d10       ?simd_fpu_fault@@YAXIII@Z  c0001110 f   exception.obj
 0001:00000d30       ?volOpenFile@@YA?AU_FILE@@PBD@Z c0001130 f   fsys.obj
 0001:00000da0       ?volReadFile@@YAXPAU_FILE@@PAEI@Z c00011a0 f   fsys.obj
 0001:00000dc0       ?volRegisterFileSystem@@YAXPAU_FILE_SYSTEM@@I@Z c00011c0 f   fsys.obj
 0001:00000df0       ?pmmngr_init_region@@YAXII@Z c00011f0 f   mmngr_phys.obj
 0001:00000e60       ?pmmngr_deinit_region@@YAXII@Z c0001260 f   mmngr_phys.obj
 0001:00000ec0       ?pmmngr_paging_enable@@YAX_N@Z c00012c0 f   mmngr_phys.obj
 0001:00000ef0       ?pmmngr_load_PDBR@@YAXI@Z  c00012f0 f   mmngr_phys.obj
 0001:00000f00       ?mmap_first_free@@YAHXZ    c0001300 f   mmngr_phys.obj
 0001:00000f50       ?mmap_first_free_s@@YAHI@Z c0001350 f   mmngr_phys.obj
 0001:00001050       ?pmmngr_init@@YAXII@Z      c0001450 f   mmngr_phys.obj
 0001:00001090       ?pmmngr_alloc_block@@YAPAXXZ c0001490 f   mmngr_phys.obj
 0001:000010f0       ?pmmngr_alloc_blocks@@YAPAXI@Z c00014f0 f   mmngr_phys.obj
 0001:00001170       ?vmmngr_initialize@@YAXXZ  c0001570 f   mmngr_virtual.obj
 0001:00001240       ?kernel_panic@@YAXPBDZZ    c0001640 f   panic.obj
 0001:00001290       ?pd_entry_add_attrib@@YAXPAII@Z c0001690 f i vmmngr_pde.obj
 0001:00001290       ?pt_entry_add_attrib@@YAXPAII@Z c0001690 f i vmmngr_pte.obj
 0001:000012a0       ?pt_entry_set_frame@@YAXPAII@Z c00016a0 f i vmmngr_pte.obj
 0001:000012a0       ?pd_entry_set_frame@@YAXPAII@Z c00016a0 f i vmmngr_pde.obj
 0001:000012c0       ?kkybrd_set_leds@@YAX_N00@Z c00016c0 f   keyboard:kybrd.obj
 0001:00001320       ?kkybrd_get_last_key@@YA?AW4KEYCODE@@XZ c0001720 f   keyboard:kybrd.obj
 0001:00001340       ?kkybrd_discard_last_key@@YAXXZ c0001740 f   keyboard:kybrd.obj
 0001:00001350       ?kkybrd_key_to_ascii@@YADW4KEYCODE@@@Z c0001750 f   keyboard:kybrd.obj
 0001:00001490       ?i86_kybrd_irq@@YAXXZ      c0001890 f   keyboard:kybrd.obj
 0001:00001680       ?kkybrd_install@@YAXH@Z    c0001a80 f   keyboard:kybrd.obj
 0001:00001700       ?dma_initialize_floppy@@YA_NPAEI@Z c0001b00 f   floppydisk:flpydsk.obj
 0001:00001790       ?flpydsk_read_status@@YAEXZ c0001b90 f   floppydisk:flpydsk.obj
 0001:000017a0       ?flpydsk_write_dor@@YAXE@Z c0001ba0 f   floppydisk:flpydsk.obj
 0001:000017c0       ?flpydsk_send_command@@YAXE@Z c0001bc0 f   floppydisk:flpydsk.obj
 0001:00001800       ?flpydsk_read_data@@YAEXZ  c0001c00 f   floppydisk:flpydsk.obj
 0001:00001830       ?flpydsk_write_ccr@@YAXE@Z c0001c30 f   floppydisk:flpydsk.obj
 0001:00001850       ?i86_flpy_irq@@YAXXZ       c0001c50 f   floppydisk:flpydsk.obj
 0001:00001870       ?flpydsk_check_int@@YAXPAI0@Z c0001c70 f   floppydisk:flpydsk.obj
 0001:00001920       ?flpydsk_control_motor@@YAX_N@Z c0001d20 f   floppydisk:flpydsk.obj
 0001:00001990       ?flpydsk_drive_data@@YAXEEE_N@Z c0001d90 f   floppydisk:flpydsk.obj
 0001:00001a50       ?flpydsk_calibrate@@YAHE@Z c0001e50 f   floppydisk:flpydsk.obj
 0001:00001bb0       ?flpydsk_disable_controller@@YAXXZ c0001fb0 f   floppydisk:flpydsk.obj
 0001:00001bc0       ?flpydsk_enable_controller@@YAXXZ c0001fc0 f   floppydisk:flpydsk.obj
 0001:00001bd0       ?flpydsk_reset@@YAXXZ      c0001fd0 f   floppydisk:flpydsk.obj
 0001:00001c50       ?flpydsk_read_sector_imp@@YAXEEE@Z c0002050 f   floppydisk:flpydsk.obj
 0001:00001ee0       ?flpydsk_seek@@YAHEE@Z     c00022e0 f   floppydisk:flpydsk.obj
 0001:00002000       ?flpydsk_lba_to_chs@@YAXHPAH00@Z c0002400 f   floppydisk:flpydsk.obj
 0001:00002060       ?flpydsk_install@@YAXH@Z   c0002460 f   floppydisk:flpydsk.obj
 0001:00002090       ?flpydsk_set_working_drive@@YAXE@Z c0002490 f   floppydisk:flpydsk.obj
 0001:000020a0       ?flpydsk_get_working_drive@@YAEXZ c00024a0 f   floppydisk:flpydsk.obj
 0001:000020b0       ?flpydsk_read_sector@@YAPAEH@Z c00024b0 f   floppydisk:flpydsk.obj
 0001:000021b0       ?ToDosFileName@@YAXPBDPADI@Z c00025b0 f   fat12:fat12.obj
 0001:000022d0       ?fsysFatDirectory@@YA?AU_FILE@@PBD@Z c00026d0 f   fat12:fat12.obj
 0001:00002390       ?fsysFatRead@@YAXPAU_FILE@@PAEI@Z c0002790 f   fat12:fat12.obj
 0001:00002450       ?fsysFatClose@@YAXPAU_FILE@@@Z c0002850 f   fat12:fat12.obj
 0001:00002470       ?fsysFatOpenSubDir@@YA?AU_FILE@@U1@PBD@Z c0002870 f   fat12:fat12.obj
 0001:00002540       ?fsysFatOpen@@YA?AU_FILE@@PBD@Z c0002940 f   fat12:fat12.obj
 0001:000026e0       ?fsysFatMount@@YAXXZ       c0002ae0 f   fat12:fat12.obj
 0001:00002750       ?fsysFatInitialize@@YAXXZ  c0002b50 f   fat12:fat12.obj
 0001:000027b0       ?Exit@@YAXXZ               c0002bb0 f   Lib:cstd.obj
 0001:000027f0       ?InitializeConstructors@@YAXXZ c0002bf0 f   Lib:cstd.obj
 0001:00002830       ?strcmp@@YAHPBD0@Z         c0002c30 f   Lib:string.obj
 0001:00002870       ?strcpy@@YAPADPADPBD@Z     c0002c70 f   Lib:string.obj
 0001:00002890       ?strlen@@YAIPBD@Z          c0002c90 f   Lib:string.obj
 0001:000028a0       ?memcpy@@YAPAXPAXPBXI@Z    c0002ca0 f   Lib:string.obj
 0001:000028d0       ?memset@@YAPAXPAXDI@Z      c0002cd0 f   Lib:string.obj
 0001:000028f0       ?strchr@@YAPADPADH@Z       c0002cf0 f   Lib:string.obj
 0001:00002920       ?hal_shutdown@@YAHXZ       c0002d20 f   Hal:Hal.obj
 0001:00002930       ?geninterrupt@@YAXH@Z      c0002d30 f   Hal:Hal.obj
 0001:00002950       ?inportb@@YAEG@Z           c0002d50 f   Hal:Hal.obj
 0001:00002960       ?outportb@@YAXGE@Z         c0002d60 f   Hal:Hal.obj
 0001:00002970       ?enable@@YAXXZ             c0002d70 f   Hal:Hal.obj
 0001:00002980       ?disable@@YAXXZ            c0002d80 f   Hal:Hal.obj
 0001:00002990       ?setvect@@YAXHA6AXXZ@Z     c0002d90 f   Hal:Hal.obj
 0001:000029b0       ?getvect@@YAP6AXXZH@Z      c0002db0 f   Hal:Hal.obj
 0001:000029e0       ?get_cpu_vender@@YAPBDXZ   c0002de0 f   Hal:Hal.obj
 0001:000029f0       ?get_tick_count@@YAHXZ     c0002df0 f   Hal:Hal.obj
 0001:00002a00       ?hal_initialize@@YAHXZ     c0002e00 f   Hal:Hal.obj
 0001:00002a30       ?sound@@YAXI@Z             c0002e30 f   Hal:Hal.obj
 0001:00002a50       ?interruptdone@@YAXI@Z     c0002e50 f i Hal:Hal.obj
 0001:00002a80       ?dma_mask_channel@@YAXE@Z  c0002e80 f   Hal:dma.obj
 0001:00002ac0       ?dma_unmask_channel@@YAXE@Z c0002ec0 f   Hal:dma.obj
 0001:00002af0       ?dma_unmask_all@@YAXH@Z    c0002ef0 f   Hal:dma.obj
 0001:00002b10       ?dma_reset@@YAXH@Z         c0002f10 f   Hal:dma.obj
 0001:00002b20       ?dma_reset_flipflop@@YAXH@Z c0002f20 f   Hal:dma.obj
 0001:00002b50       ?dma_set_address@@YAXEEE@Z c0002f50 f   Hal:dma.obj
 0001:00002be0       ?dma_set_count@@YAXEEE@Z   c0002fe0 f   Hal:dma.obj
 0001:00002c70       ?dma_set_mode@@YAXEE@Z     c0003070 f   Hal:dma.obj
 0001:00002cf0       ?dma_set_read@@YAXE@Z      c00030f0 f   Hal:dma.obj
 0001:00002d00       ?dma_set_write@@YAXE@Z     c0003100 f   Hal:dma.obj
 0001:00002d10       ?dma_set_external_page_register@@YAXEE@Z c0003110 f   Hal:dma.obj
 0001:00002da0       ?i86_cpu_initialize@@YAHXZ c00031a0 f   Hal:cpu.obj
 0001:00002dc0       ?i86_cpu_shutdown@@YAXXZ   c00031c0 f   Hal:cpu.obj
 0001:00002dd0       ?i86_cpu_get_vender@@YAPADXZ c00031d0 f   Hal:cpu.obj
 0001:00002e00       ?i86_cpu_flush_caches@@YAXXZ c0003200 f   Hal:cpu.obj
 0001:00002e10       ?i86_cpu_flush_caches_write@@YAXXZ c0003210 f   Hal:cpu.obj
 0001:00002e20       ?i86_cpu_flush_tlb_entry@@YAXI@Z c0003220 f   Hal:cpu.obj
 0001:00002e30       ?i86_pic_send_command@@YAXEE@Z c0003230 f i Hal:pic.obj
 0001:00002e60       ?i86_pic_initialize@@YAXEE@Z c0003260 f   Hal:pic.obj
 0001:00002ef0       ?i86_get_ir@@YAPAUidt_descriptor@@I@Z c00032f0 f   Hal:idt.obj
 0001:00002f10       ?i86_install_ir@@YAHIGGP6AXXZ@Z c0003310 f   Hal:idt.obj
 0001:00002f60       ?i86_idt_initialize@@YAHG@Z c0003360 f   Hal:idt.obj
 0001:00002ff0       ?i86_pit_irq@@YAXXZ        c00033f0 f   Hal:pit.obj
 0001:00003010       ?i86_pit_set_tick_count@@YAII@Z c0003410 f   Hal:pit.obj
 0001:00003020       ?i86_pit_get_tick_count@@YAIXZ c0003420 f   Hal:pit.obj
 0001:00003030       ?i86_pit_send_command@@YAXE@Z c0003430 f   Hal:pit.obj
 0001:00003040       ?i86_pit_send_data@@YAXGE@Z c0003440 f   Hal:pit.obj
 0001:00003080       ?i86_pit_read_data@@YAEG@Z c0003480 f   Hal:pit.obj
 0001:000030c0       ?i86_pit_start_counter@@YAXIEE@Z c00034c0 f   Hal:pit.obj
 0001:00003120       ?i86_pit_initialize@@YAXXZ c0003520 f   Hal:pit.obj
 0001:00003140       ?i86_pit_is_initialized@@YA_NXZ c0003540 f   Hal:pit.obj
 0001:00003160       ?gdt_set_descriptor@@YAXI_K0EE@Z c0003560 f   Hal:gdt.obj
 0001:000031f0       ?i86_gdt_get_descriptor@@YAPAUgdt_descriptor@@H@Z c00035f0 f   Hal:gdt.obj
 0001:00003210       ?i86_gdt_initialize@@YAHXZ c0003610 f   Hal:gdt.obj
 0002:00000724       ??_C@_05HOBJIFPH@FAT12?$AA@ c0003f24     fat12:fat12.obj
 0003:00000000       ?__xc_a@@3PAP6AXXZA        c0004000     Lib:cstd.obj
 0003:00000004       ?__xc_z@@3PAP6AXXZA        c0004004     Lib:cstd.obj
 0003:00000008       ?video_memory@@3PAGA       c0004008     DebugDisplay.obj
 0003:0000000c       ?bchars@@3PADA             c000400c     DebugDisplay.obj
 0003:00000170       __fltused                  c0004170     Lib:cstd.obj
 0003:00000178       ?kernelSize@@3IA           c0004178     main.obj
 0003:00000184       ?tbuf@@3PADA               c0004184     DebugDisplay.obj
 0003:000001a4       ?cursor_x@@3EA             c00041a4     DebugDisplay.obj
 0003:000001a5       ?cursor_y@@3EA             c00041a5     DebugDisplay.obj
 0003:000001a6       ?_color@@3EA               c00041a6     DebugDisplay.obj
 0003:000001a8       ?_FileSystems@@3PAPAU_FILE_SYSTEM@@A c00041a8     fsys.obj
 0003:00000224       ?_cur_directory@@3PAUpdirectory@@A c0004224     mmngr_virtual.obj
 0003:00000228       ?_cur_pdbr@@3IA            c0004228     mmngr_virtual.obj
 0003:00000240       ?_MountInfo@@3U_MOUNT_INFO@@A c0004240     fat12:fat12.obj
 0003:0000025c       ?_FSysFat@@3U_FILE_SYSTEM@@A c000425c     fat12:fat12.obj
 0003:00000278       ?FAT@@3PAEA                c0004278     fat12:fat12.obj

 entry point at        0000:00000000

 Static symbols

 0001:00002ed0       ?idt_install@@YAXXZ        c00032d0 f   Hal:idt.obj
 0001:00002ee0       ?i86_default_handler@@YAXXZ c00032e0 f   Hal:idt.obj
 0001:00003150       ?gdt_install@@YAXXZ        c0003550 f   Hal:gdt.obj
