 Kernel

 Timestamp is 5741e62b (Sun May 22 11:02:35 2016)

 Preferred load address is c0000000

 Start         Length     Name                   Class
 0001:00000000 000034c6H .text                   CODE
 0002:00000000 00000762H .rdata                  DATA
 0003:00000000 00000004H .CRT$XCA                DATA
 0003:00000004 00000004H .CRT$XCZ                DATA
 0003:00000008 00000174H .data                   DATA
 0003:00000180 00000de5H .bss                    DATA
 0004:00000000 00000058H .rsrc$01                DATA
 0004:00000060 000003c0H .rsrc$02                DATA

  Address         Publics by Value              Rva+Base       Lib:Object

 0000:00000000       ___safe_se_handler_count   00000000     <absolute>
 0000:00000000       ___safe_se_handler_table   00000000     <absolute>
 0001:00000000       ?kernel_entry@@YAXPAUmultiboot_info@@@Z c0000400 f   entry.obj
 0001:00000040       ?init@@YAXPAUmultiboot_info@@@Z c0000440 f   main.obj
 0001:00000200       ?sleep@@YAXH@Z             c0000600 f   main.obj
 0001:00000230       ?get_cmd@@YAXPADH@Z        c0000630 f   main.obj
 0001:00000340       ?cmd_read@@YAXXZ           c0000740 f   main.obj
 0001:00000470       ?go_user@@YAXXZ            c0000870 f   main.obj
 0001:000004c0       ?run_cmd@@YA_NPAD@Z        c00008c0 f   main.obj
 0001:000005a0       ?kmain@@YAHPAUmultiboot_info@@@Z c00009a0 f   main.obj
 0001:00000620       ?scroll@@YAXXZ             c0000a20 f   DebugDisplay.obj
 0001:00000690       ?DebugPutc@@YAXE@Z         c0000a90 f   DebugDisplay.obj
 0001:00000740       ?DebugSetColor@@YAII@Z     c0000b40 f   DebugDisplay.obj
 0001:00000760       ?DebugGotoXY@@YAXII@Z      c0000b60 f   DebugDisplay.obj
 0001:00000790       ?DebugGetXY@@YAXPAI0@Z     c0000b90 f   DebugDisplay.obj
 0001:000007c0       ?DebugGetHorz@@YAHXZ       c0000bc0 f   DebugDisplay.obj
 0001:000007d0       ?DebugClrScr@@YAXE@Z       c0000bd0 f   DebugDisplay.obj
 0001:00000820       ?DebugPuts@@YAXPAD@Z       c0000c20 f   DebugDisplay.obj
 0001:00000910       ?DebugPrintf@@YAHPBDZZ     c0000d10 f   DebugDisplay.obj
 0001:00000b70       ?divide_by_zero_fault@@YAXIIII@Z c0000f70 f   exception.obj
 0001:00000ba0       ?single_step_trap@@YAXIII@Z c0000fa0 f   exception.obj
 0001:00000bc0       ?nmi_trap@@YAXIII@Z        c0000fc0 f   exception.obj
 0001:00000be0       ?breakpoint_trap@@YAXIII@Z c0000fe0 f   exception.obj
 0001:00000c00       ?overflow_trap@@YAXIII@Z   c0001000 f   exception.obj
 0001:00000c20       ?bounds_check_fault@@YAXIII@Z c0001020 f   exception.obj
 0001:00000c40       ?invalid_opcode_fault@@YAXIII@Z c0001040 f   exception.obj
 0001:00000c60       ?no_device_fault@@YAXIII@Z c0001060 f   exception.obj
 0001:00000c80       ?double_fault_abort@@YAXIIII@Z c0001080 f   exception.obj
 0001:00000ca0       ?invalid_tss_fault@@YAXIIII@Z c00010a0 f   exception.obj
 0001:00000cc0       ?no_segment_fault@@YAXIIII@Z c00010c0 f   exception.obj
 0001:00000ce0       ?stack_fault@@YAXIIII@Z    c00010e0 f   exception.obj
 0001:00000d00       ?general_protection_fault@@YAXIIII@Z c0001100 f   exception.obj
 0001:00000d20       ?page_fault@@YAXIIII@Z     c0001120 f   exception.obj
 0001:00000d40       ?fpu_fault@@YAXIII@Z       c0001140 f   exception.obj
 0001:00000d60       ?alignment_check_fault@@YAXIIII@Z c0001160 f   exception.obj
 0001:00000d80       ?machine_check_abort@@YAXIII@Z c0001180 f   exception.obj
 0001:00000da0       ?simd_fpu_fault@@YAXIII@Z  c00011a0 f   exception.obj
 0001:00000dc0       ?volOpenFile@@YA?AU_FILE@@PBD@Z c00011c0 f   fsys.obj
 0001:00000e30       ?volReadFile@@YAXPAU_FILE@@PAEI@Z c0001230 f   fsys.obj
 0001:00000e50       ?volRegisterFileSystem@@YAXPAU_FILE_SYSTEM@@I@Z c0001250 f   fsys.obj
 0001:00000e80       ?pmmngr_init_region@@YAXII@Z c0001280 f   mmngr_phys.obj
 0001:00000ef0       ?pmmngr_deinit_region@@YAXII@Z c00012f0 f   mmngr_phys.obj
 0001:00000f50       ?pmmngr_paging_enable@@YAX_N@Z c0001350 f   mmngr_phys.obj
 0001:00000f80       ?pmmngr_load_PDBR@@YAXI@Z  c0001380 f   mmngr_phys.obj
 0001:00000f90       ?mmap_first_free@@YAHXZ    c0001390 f   mmngr_phys.obj
 0001:00000fe0       ?mmap_first_free_s@@YAHI@Z c00013e0 f   mmngr_phys.obj
 0001:000010e0       ?pmmngr_init@@YAXII@Z      c00014e0 f   mmngr_phys.obj
 0001:00001120       ?pmmngr_alloc_block@@YAPAXXZ c0001520 f   mmngr_phys.obj
 0001:00001180       ?pmmngr_alloc_blocks@@YAPAXI@Z c0001580 f   mmngr_phys.obj
 0001:00001200       ?vmmngr_initialize@@YAXXZ  c0001600 f   mmngr_virtual.obj
 0001:000012e0       ?kernel_panic@@YAXPBDZZ    c00016e0 f   panic.obj
 0001:00001330       ?syscall_dispatcher@@YAXXZ c0001730 f   sysapi.obj
 0001:00001380       ?syscall_init@@YAXXZ       c0001780 f   sysapi.obj
 0001:000013a0       ?pd_entry_add_attrib@@YAXPAII@Z c00017a0 f i vmmngr_pde.obj
 0001:000013a0       ?pt_entry_add_attrib@@YAXPAII@Z c00017a0 f i vmmngr_pte.obj
 0001:000013b0       ?pt_entry_set_frame@@YAXPAII@Z c00017b0 f i vmmngr_pte.obj
 0001:000013b0       ?pd_entry_set_frame@@YAXPAII@Z c00017b0 f i vmmngr_pde.obj
 0001:000013d0       ?kkybrd_set_leds@@YAX_N00@Z c00017d0 f   keyboard:kybrd.obj
 0001:00001430       ?kkybrd_get_last_key@@YA?AW4KEYCODE@@XZ c0001830 f   keyboard:kybrd.obj
 0001:00001450       ?kkybrd_discard_last_key@@YAXXZ c0001850 f   keyboard:kybrd.obj
 0001:00001460       ?kkybrd_key_to_ascii@@YADW4KEYCODE@@@Z c0001860 f   keyboard:kybrd.obj
 0001:000015a0       ?i86_kybrd_irq@@YAXXZ      c00019a0 f   keyboard:kybrd.obj
 0001:00001790       ?kkybrd_install@@YAXH@Z    c0001b90 f   keyboard:kybrd.obj
 0001:00001810       ?dma_initialize_floppy@@YA_NPAEI@Z c0001c10 f   floppydisk:flpydsk.obj
 0001:000018a0       ?flpydsk_read_status@@YAEXZ c0001ca0 f   floppydisk:flpydsk.obj
 0001:000018b0       ?flpydsk_write_dor@@YAXE@Z c0001cb0 f   floppydisk:flpydsk.obj
 0001:000018d0       ?flpydsk_send_command@@YAXE@Z c0001cd0 f   floppydisk:flpydsk.obj
 0001:00001910       ?flpydsk_read_data@@YAEXZ  c0001d10 f   floppydisk:flpydsk.obj
 0001:00001940       ?flpydsk_write_ccr@@YAXE@Z c0001d40 f   floppydisk:flpydsk.obj
 0001:00001960       ?i86_flpy_irq@@YAXXZ       c0001d60 f   floppydisk:flpydsk.obj
 0001:00001980       ?flpydsk_check_int@@YAXPAI0@Z c0001d80 f   floppydisk:flpydsk.obj
 0001:00001a30       ?flpydsk_control_motor@@YAX_N@Z c0001e30 f   floppydisk:flpydsk.obj
 0001:00001aa0       ?flpydsk_drive_data@@YAXEEE_N@Z c0001ea0 f   floppydisk:flpydsk.obj
 0001:00001b60       ?flpydsk_calibrate@@YAHE@Z c0001f60 f   floppydisk:flpydsk.obj
 0001:00001cc0       ?flpydsk_disable_controller@@YAXXZ c00020c0 f   floppydisk:flpydsk.obj
 0001:00001cd0       ?flpydsk_enable_controller@@YAXXZ c00020d0 f   floppydisk:flpydsk.obj
 0001:00001ce0       ?flpydsk_reset@@YAXXZ      c00020e0 f   floppydisk:flpydsk.obj
 0001:00001d60       ?flpydsk_read_sector_imp@@YAXEEE@Z c0002160 f   floppydisk:flpydsk.obj
 0001:00001ff0       ?flpydsk_seek@@YAHEE@Z     c00023f0 f   floppydisk:flpydsk.obj
 0001:00002110       ?flpydsk_lba_to_chs@@YAXHPAH00@Z c0002510 f   floppydisk:flpydsk.obj
 0001:00002170       ?flpydsk_install@@YAXH@Z   c0002570 f   floppydisk:flpydsk.obj
 0001:000021a0       ?flpydsk_set_working_drive@@YAXE@Z c00025a0 f   floppydisk:flpydsk.obj
 0001:000021b0       ?flpydsk_get_working_drive@@YAEXZ c00025b0 f   floppydisk:flpydsk.obj
 0001:000021c0       ?flpydsk_read_sector@@YAPAEH@Z c00025c0 f   floppydisk:flpydsk.obj
 0001:000022c0       ?ToDosFileName@@YAXPBDPADI@Z c00026c0 f   fat12:fat12.obj
 0001:000023e0       ?fsysFatDirectory@@YA?AU_FILE@@PBD@Z c00027e0 f   fat12:fat12.obj
 0001:000024a0       ?fsysFatRead@@YAXPAU_FILE@@PAEI@Z c00028a0 f   fat12:fat12.obj
 0001:00002560       ?fsysFatClose@@YAXPAU_FILE@@@Z c0002960 f   fat12:fat12.obj
 0001:00002580       ?fsysFatOpenSubDir@@YA?AU_FILE@@U1@PBD@Z c0002980 f   fat12:fat12.obj
 0001:00002650       ?fsysFatOpen@@YA?AU_FILE@@PBD@Z c0002a50 f   fat12:fat12.obj
 0001:000027f0       ?fsysFatMount@@YAXXZ       c0002bf0 f   fat12:fat12.obj
 0001:00002860       ?fsysFatInitialize@@YAXXZ  c0002c60 f   fat12:fat12.obj
 0001:000028c0       ?Exit@@YAXXZ               c0002cc0 f   Lib:cstd.obj
 0001:00002900       ?InitializeConstructors@@YAXXZ c0002d00 f   Lib:cstd.obj
 0001:00002940       ?strcmp@@YAHPBD0@Z         c0002d40 f   Lib:string.obj
 0001:00002980       ?strcpy@@YAPADPADPBD@Z     c0002d80 f   Lib:string.obj
 0001:000029a0       ?strlen@@YAIPBD@Z          c0002da0 f   Lib:string.obj
 0001:000029b0       ?memcpy@@YAPAXPAXPBXI@Z    c0002db0 f   Lib:string.obj
 0001:000029e0       ?memset@@YAPAXPAXDI@Z      c0002de0 f   Lib:string.obj
 0001:00002a00       ?strchr@@YAPADPADH@Z       c0002e00 f   Lib:string.obj
 0001:00002a30       ?flush_tss@@YAXG@Z         c0002e30 f   Hal:tss.obj
 0001:00002a40       ?tss_set_stack@@YAXGG@Z    c0002e40 f   Hal:tss.obj
 0001:00002a60       ?install_tss@@YAXIGG@Z     c0002e60 f   Hal:tss.obj
 0001:00002ae0       ?hal_shutdown@@YAHXZ       c0002ee0 f   Hal:Hal.obj
 0001:00002af0       ?geninterrupt@@YAXH@Z      c0002ef0 f   Hal:Hal.obj
 0001:00002b10       ?inportb@@YAEG@Z           c0002f10 f   Hal:Hal.obj
 0001:00002b20       ?outportb@@YAXGE@Z         c0002f20 f   Hal:Hal.obj
 0001:00002b30       ?enable@@YAXXZ             c0002f30 f   Hal:Hal.obj
 0001:00002b40       ?disable@@YAXXZ            c0002f40 f   Hal:Hal.obj
 0001:00002b50       ?setvect@@YAXHA6AXXZH@Z    c0002f50 f   Hal:Hal.obj
 0001:00002b70       ?getvect@@YAP6AXXZH@Z      c0002f70 f   Hal:Hal.obj
 0001:00002ba0       ?get_cpu_vender@@YAPBDXZ   c0002fa0 f   Hal:Hal.obj
 0001:00002bb0       ?get_tick_count@@YAHXZ     c0002fb0 f   Hal:Hal.obj
 0001:00002bc0       ?hal_initialize@@YAHXZ     c0002fc0 f   Hal:Hal.obj
 0001:00002bf0       ?sound@@YAXI@Z             c0002ff0 f   Hal:Hal.obj
 0001:00002c10       ?interruptdone@@YAXI@Z     c0003010 f i Hal:Hal.obj
 0001:00002c40       ?enter_usermode@@YAXXZ     c0003040 f   Hal:user.obj
 0001:00002c70       ?dma_mask_channel@@YAXE@Z  c0003070 f   Hal:dma.obj
 0001:00002cb0       ?dma_unmask_channel@@YAXE@Z c00030b0 f   Hal:dma.obj
 0001:00002ce0       ?dma_unmask_all@@YAXH@Z    c00030e0 f   Hal:dma.obj
 0001:00002d00       ?dma_reset@@YAXH@Z         c0003100 f   Hal:dma.obj
 0001:00002d10       ?dma_reset_flipflop@@YAXH@Z c0003110 f   Hal:dma.obj
 0001:00002d40       ?dma_set_address@@YAXEEE@Z c0003140 f   Hal:dma.obj
 0001:00002dd0       ?dma_set_count@@YAXEEE@Z   c00031d0 f   Hal:dma.obj
 0001:00002e60       ?dma_set_mode@@YAXEE@Z     c0003260 f   Hal:dma.obj
 0001:00002ee0       ?dma_set_read@@YAXE@Z      c00032e0 f   Hal:dma.obj
 0001:00002ef0       ?dma_set_write@@YAXE@Z     c00032f0 f   Hal:dma.obj
 0001:00002f00       ?dma_set_external_page_register@@YAXEE@Z c0003300 f   Hal:dma.obj
 0001:00002fa0       ?gdt_set_descriptor@@YAXI_K0EE@Z c00033a0 f   Hal:gdt.obj
 0001:00003030       ?i86_gdt_get_descriptor@@YAPAUgdt_descriptor@@H@Z c0003430 f   Hal:gdt.obj
 0001:00003050       ?i86_gdt_initialize@@YAHXZ c0003450 f   Hal:gdt.obj
 0001:00003120       ?i86_cpu_initialize@@YAHXZ c0003520 f   Hal:cpu.obj
 0001:00003140       ?i86_cpu_shutdown@@YAXXZ   c0003540 f   Hal:cpu.obj
 0001:00003150       ?i86_cpu_get_vender@@YAPADXZ c0003550 f   Hal:cpu.obj
 0001:00003180       ?i86_cpu_flush_caches@@YAXXZ c0003580 f   Hal:cpu.obj
 0001:00003190       ?i86_cpu_flush_caches_write@@YAXXZ c0003590 f   Hal:cpu.obj
 0001:000031a0       ?i86_cpu_flush_tlb_entry@@YAXI@Z c00035a0 f   Hal:cpu.obj
 0001:000031b0       ?i86_pic_send_command@@YAXEE@Z c00035b0 f i Hal:pic.obj
 0001:000031e0       ?i86_pic_initialize@@YAXEE@Z c00035e0 f   Hal:pic.obj
 0001:00003270       ?i86_get_ir@@YAPAUidt_descriptor@@I@Z c0003670 f   Hal:idt.obj
 0001:00003290       ?i86_install_ir@@YAHIGGP6AXXZ@Z c0003690 f   Hal:idt.obj
 0001:000032e0       ?i86_idt_initialize@@YAHG@Z c00036e0 f   Hal:idt.obj
 0001:00003370       ?i86_pit_irq@@YAXXZ        c0003770 f   Hal:pit.obj
 0001:00003390       ?i86_pit_set_tick_count@@YAII@Z c0003790 f   Hal:pit.obj
 0001:000033a0       ?i86_pit_get_tick_count@@YAIXZ c00037a0 f   Hal:pit.obj
 0001:000033b0       ?i86_pit_send_command@@YAXE@Z c00037b0 f   Hal:pit.obj
 0001:000033c0       ?i86_pit_send_data@@YAXGE@Z c00037c0 f   Hal:pit.obj
 0001:00003400       ?i86_pit_read_data@@YAEG@Z c0003800 f   Hal:pit.obj
 0001:00003440       ?i86_pit_start_counter@@YAXIEE@Z c0003840 f   Hal:pit.obj
 0001:000034a0       ?i86_pit_initialize@@YAXXZ c00038a0 f   Hal:pit.obj
 0001:000034c0       ?i86_pit_is_initialized@@YA_NXZ c00038c0 f   Hal:pit.obj
 0002:0000075c       ??_C@_05HOBJIFPH@FAT12?$AA@ c000415c     fat12:fat12.obj
 0003:00000000       ?__xc_a@@3PAP6AXXZA        c0004200     Lib:cstd.obj
 0003:00000004       ?__xc_z@@3PAP6AXXZA        c0004204     Lib:cstd.obj
 0003:00000008       ?video_memory@@3PAGA       c0004208     DebugDisplay.obj
 0003:0000000c       ?bchars@@3PADA             c000420c     DebugDisplay.obj
 0003:00000020       ?_syscalls@@3PAPAXA        c0004220     sysapi.obj
 0003:00000178       __fltused                  c0004378     Lib:cstd.obj
 0003:00000180       ?kernelSize@@3IA           c0004380     main.obj
 0003:0000018c       ?tbuf@@3PADA               c000438c     DebugDisplay.obj
 0003:000001ac       ?cursor_x@@3EA             c00043ac     DebugDisplay.obj
 0003:000001ad       ?cursor_y@@3EA             c00043ad     DebugDisplay.obj
 0003:000001ae       ?_color@@3EA               c00043ae     DebugDisplay.obj
 0003:000001b0       ?_FileSystems@@3PAPAU_FILE_SYSTEM@@A c00043b0     fsys.obj
 0003:0000022c       ?_cur_directory@@3PAUpdirectory@@A c000442c     mmngr_virtual.obj
 0003:00000230       ?_cur_pdbr@@3IA            c0004430     mmngr_virtual.obj
 0003:00000258       ?_MountInfo@@3U_MOUNT_INFO@@A c0004458     fat12:fat12.obj
 0003:00000274       ?_FSysFat@@3U_FILE_SYSTEM@@A c0004474     fat12:fat12.obj
 0003:00000290       ?FAT@@3PAEA                c0004490     fat12:fat12.obj

 entry point at        0000:00000000

 Static symbols

 0001:00002f90       ?gdt_install@@YAXXZ        c0003390 f   Hal:gdt.obj
 0001:00003250       ?idt_install@@YAXXZ        c0003650 f   Hal:idt.obj
 0001:00003260       ?i86_default_handler@@YAXXZ c0003660 f   Hal:idt.obj
